<?xml version="1.0" encoding="UTF-8"?>
<dataset>

  <PERSON firstName='First' lastName='Last' email='person@somewhere.com'/>

</dataset>